// Jest Snapshot v1, https://goo.gl/fbAQLP

exports[`fetchData page harus lebih dari 0 1`] = `undefined`;
